Turbo Assembler	 Version 3.1	    05/28/20 13:59:32	    Page 1
lab.ASM



      1					 .386
      2
      3					 AxPlusOne   MACRO
      4					   Inc	 AX
      5					 ENDM
      6
      7	    0000			 DATA	 SEGMENT use16
      8	    0000  0015			 HEX16	 DW  15H
      9	    0002  0000000A		 DEC10	 DD  10D
     10	    0006  95			 BIN2	 DB  10010101B
     11	    0007  73 54	72 69 6E 67	 STRING	 DB  "sTring"
     12	    000D			 DATA	 ENDS
     13
     14	    0000			 DATA2	 SEGMENT use16
     15	    0000  0005			 VV1	 DW  5H
     16	    0002			 DATA2	 ENDS
     17
     18	    0000			 CODE	 SEGMENT use16
     19						 ASSUME	CS:CODE, DS:DATA, ES:DATA2
     20	    0000  000F				 Val   DW  15D
     21	    0002			     Begin:
     22
     23	    0002  76 02	90 90			 Jbe	 Jump
     24	    0006				 Jump:
     25
     26	    0006  26: 8B 99 0000r		 Mov	 BX, VV1[BX + DI]
     27	    000B  BB 0000			 Mov	 BX, 0
     28	    000E  BF 0000			 Mov	 DI, 0
     29	    0011  2E: 8B 81 0000r		 Mov	 AX, CS:Val[BX + DI]
     30						 AxPlusOne
1    31	    0016  40			   Inc	 AX
     32	    0017  3E: 09 82 0000r		 Or	 HEX16[BP + SI], AX
     33	    001C  3E: 20 A3 0006r		 And	 BIN2[BP + DI],	AH
     34	    0021  BE 0002			 Mov	 SI, 2
     35	    0024  B8 000F			 Mov	 AX, 15
     36	    0027  2E: 39 82 0000r		 Cmp	 CS:Val[BP + SI], AX
     37	    002C  13 C3				 Adc	 AX, BX
     38	    002E  98				 Cbw
     39	    002F  76 D1			     Jbe     Begin
     40
     41	    0031			 Code	 ENDS
     42					 END
Turbo Assembler	 Version 3.1	    05/28/20 13:59:32	    Page 2
Symbol Table




Symbol Name			  Type	 Value

??DATE				  Text	 "05/28/20"
??FILENAME			  Text	 "lab	  "
??TIME				  Text	 "13:59:32"
??VERSION			  Number 030A
@CPU				  Text	 0F0FH
@CURSEG				  Text	 CODE
@FILENAME			  Text	 LAB
@WORDSIZE			  Text	 2
BEGIN				  Near	 CODE:0002
BIN2				  Byte	 DATA:0006
DEC10				  Dword	 DATA:0002
HEX16				  Word	 DATA:0000
JUMP				  Near	 CODE:0006
STRING				  Byte	 DATA:0007
VAL				  Word	 CODE:0000
VV1				  Word	 DATA2:0000

Macro Name

AXPLUSONE

Groups & Segments		  Bit Size Align  Combine Class

CODE				  16  0031 Para	  none
DATA				  16  000D Para	  none
DATA2				  16  0002 Para	  none